Copyright 1986-2019 Xilinx, Inc. All Rights Reserved.
--------------------------------------------------------------------------------------
| Tool Version : Vivado v.2019.2.1 (win64) Build 2729669 Thu Dec  5 04:49:17 MST 2019
| Date         : Wed Oct 27 15:02:40 2021
| Host         : DESKTOP-PTFOBS4 running 64-bit major release  (build 9200)
| Command      : report_control_sets -verbose -file Datapath_control_sets_placed.rpt
| Design       : Datapath
| Device       : xc7a100t
--------------------------------------------------------------------------------------

Control Set Information

Table of Contents
-----------------
1. Summary
2. Histogram
3. Flip-Flop Distribution
4. Detailed Control Set Information

1. Summary
----------

+----------------------------------------------------------+-------+
|                          Status                          | Count |
+----------------------------------------------------------+-------+
| Total control sets                                       |   137 |
|    Minimum number of control sets                        |   137 |
|    Addition due to synthesis replication                 |     0 |
|    Addition due to physical synthesis replication        |     0 |
| Unused register locations in slices containing registers |    11 |
+----------------------------------------------------------+-------+
* Control sets can be merged at opt_design using control_set_merge or merge_equivalent_drivers
** Run report_qor_suggestions for automated merging and remapping suggestions


2. Histogram
------------

+--------------------+-------+
|       Fanout       | Count |
+--------------------+-------+
| Total control sets |   137 |
| >= 0 to < 4        |     1 |
| >= 4 to < 6        |   129 |
| >= 6 to < 8        |     0 |
| >= 8 to < 10       |     0 |
| >= 10 to < 12      |     0 |
| >= 12 to < 14      |     0 |
| >= 14 to < 16      |     0 |
| >= 16              |     7 |
+--------------------+-------+
* Control sets can be remapped at either synth_design or opt_design


3. Flip-Flop Distribution
-------------------------

+--------------+-----------------------+------------------------+-----------------+--------------+
| Clock Enable | Synchronous Set/Reset | Asynchronous Set/Reset | Total Registers | Total Slices |
+--------------+-----------------------+------------------------+-----------------+--------------+
| No           | No                    | No                     |             134 |           66 |
| No           | No                    | Yes                    |              32 |            9 |
| No           | Yes                   | No                     |             415 |          138 |
| Yes          | No                    | No                     |              64 |           27 |
| Yes          | No                    | Yes                    |               0 |            0 |
| Yes          | Yes                   | No                     |              32 |           18 |
+--------------+-----------------------+------------------------+-----------------+--------------+


4. Detailed Control Set Information
-----------------------------------

+--------------------------------------+--------------------------------------------+-------------------------------+------------------+----------------+
|             Clock Signal             |                Enable Signal               |        Set/Reset Signal       | Slice Load Count | Bel Load Count |
+--------------------------------------+--------------------------------------------+-------------------------------+------------------+----------------+
|  branch_logic/PCSrc_reg_i_2_n_2      |                                            |                               |                1 |              1 |
|  Clk_IBUF_BUFG                       | data_mem/memory_reg_0_255_20_20_i_2_n_2    |                               |                1 |              4 |
|  Clk_IBUF_BUFG                       | data_mem/memory_reg_768_1023_23_23_i_1_n_2 |                               |                1 |              4 |
|  Clk_IBUF_BUFG                       | data_mem/memory_reg_768_1023_28_28_i_1_n_2 |                               |                1 |              4 |
|  Clk_IBUF_BUFG                       | data_mem/memory_reg_768_1023_2_2_i_1_n_2   |                               |                1 |              4 |
|  Clk_IBUF_BUFG                       | data_mem/memory_reg_768_1023_21_21_i_1_n_2 |                               |                1 |              4 |
|  Clk_IBUF_BUFG                       | data_mem/memory_reg_768_1023_3_3_i_1_n_2   |                               |                1 |              4 |
|  Clk_IBUF_BUFG                       | data_mem/memory_reg_0_255_12_12_i_2_n_2    |                               |                1 |              4 |
|  Clk_IBUF_BUFG                       | data_mem/memory_reg_0_255_0_0_i_2_n_2      |                               |                1 |              4 |
|  Clk_IBUF_BUFG                       | data_mem/memory_reg_0_255_10_10_i_2_n_2    |                               |                1 |              4 |
|  Clk_IBUF_BUFG                       | data_mem/memory_reg_0_255_11_11_i_2_n_2    |                               |                1 |              4 |
|  Clk_IBUF_BUFG                       | data_mem/memory_reg_0_255_14_14_i_2_n_2    |                               |                1 |              4 |
|  Clk_IBUF_BUFG                       | data_mem/memory_reg_0_255_15_15_i_2_n_2    |                               |                1 |              4 |
|  Clk_IBUF_BUFG                       | data_mem/memory_reg_0_255_16_16_i_2_n_2    |                               |                1 |              4 |
|  Clk_IBUF_BUFG                       | data_mem/memory_reg_0_255_13_13_i_2_n_2    |                               |                1 |              4 |
|  Clk_IBUF_BUFG                       | data_mem/memory_reg_0_255_17_17_i_2_n_2    |                               |                1 |              4 |
|  Clk_IBUF_BUFG                       | data_mem/memory_reg_0_255_1_1_i_2_n_2      |                               |                1 |              4 |
|  Clk_IBUF_BUFG                       | data_mem/memory_reg_0_255_30_30_i_2_n_2    |                               |                1 |              4 |
|  Clk_IBUF_BUFG                       | data_mem/memory_reg_0_255_23_23_i_2_n_2    |                               |                1 |              4 |
|  Clk_IBUF_BUFG                       | data_mem/memory_reg_0_255_26_26_i_2_n_2    |                               |                1 |              4 |
|  Clk_IBUF_BUFG                       | data_mem/memory_reg_0_255_7_7_i_2_n_2      |                               |                1 |              4 |
|  Clk_IBUF_BUFG                       | data_mem/memory_reg_0_255_8_8_i_2_n_2      |                               |                1 |              4 |
|  Clk_IBUF_BUFG                       | data_mem/memory_reg_0_255_3_3_i_2_n_2      |                               |                1 |              4 |
|  Clk_IBUF_BUFG                       | data_mem/memory_reg_0_255_24_24_i_2_n_2    |                               |                1 |              4 |
|  Clk_IBUF_BUFG                       | data_mem/memory_reg_0_255_5_5_i_2_n_2      |                               |                1 |              4 |
|  Clk_IBUF_BUFG                       | data_mem/memory_reg_0_255_21_21_i_2_n_2    |                               |                1 |              4 |
|  Clk_IBUF_BUFG                       | data_mem/memory_reg_256_511_11_11_i_1_n_2  |                               |                1 |              4 |
|  Clk_IBUF_BUFG                       | data_mem/memory_reg_256_511_0_0_i_1_n_2    |                               |                1 |              4 |
|  Clk_IBUF_BUFG                       | data_mem/memory_reg_256_511_12_12_i_1_n_2  |                               |                1 |              4 |
|  Clk_IBUF_BUFG                       | data_mem/memory_reg_0_255_27_27_i_2_n_2    |                               |                1 |              4 |
|  Clk_IBUF_BUFG                       | data_mem/memory_reg_0_255_29_29_i_2_n_2    |                               |                1 |              4 |
|  Clk_IBUF_BUFG                       | data_mem/memory_reg_0_255_2_2_i_2_n_2      |                               |                1 |              4 |
|  Clk_IBUF_BUFG                       | data_mem/memory_reg_0_255_18_18_i_2_n_2    |                               |                1 |              4 |
|  Clk_IBUF_BUFG                       | data_mem/memory_reg_0_255_22_22_i_2_n_2    |                               |                1 |              4 |
|  Clk_IBUF_BUFG                       | data_mem/memory_reg_0_255_4_4_i_2_n_2      |                               |                1 |              4 |
|  Clk_IBUF_BUFG                       | data_mem/memory_reg_256_511_13_13_i_1_n_2  |                               |                1 |              4 |
|  Clk_IBUF_BUFG                       | data_mem/memory_reg_256_511_14_14_i_1_n_2  |                               |                1 |              4 |
|  Clk_IBUF_BUFG                       | data_mem/memory_reg_256_511_15_15_i_1_n_2  |                               |                1 |              4 |
|  Clk_IBUF_BUFG                       | data_mem/memory_reg_256_511_16_16_i_1_n_2  |                               |                1 |              4 |
|  Clk_IBUF_BUFG                       | data_mem/memory_reg_0_255_19_19_i_2_n_2    |                               |                1 |              4 |
|  Clk_IBUF_BUFG                       | data_mem/memory_reg_0_255_31_31_i_2_n_2    |                               |                1 |              4 |
|  Clk_IBUF_BUFG                       | data_mem/memory_reg_256_511_17_17_i_1_n_2  |                               |                1 |              4 |
|  Clk_IBUF_BUFG                       | data_mem/memory_reg_0_255_6_6_i_2_n_2      |                               |                1 |              4 |
|  Clk_IBUF_BUFG                       | data_mem/memory_reg_0_255_9_9_i_2_n_2      |                               |                1 |              4 |
|  Clk_IBUF_BUFG                       | data_mem/memory_reg_0_255_25_25_i_2_n_2    |                               |                1 |              4 |
|  Clk_IBUF_BUFG                       | data_mem/memory_reg_256_511_10_10_i_1_n_2  |                               |                1 |              4 |
|  Clk_IBUF_BUFG                       | data_mem/memory_reg_0_255_28_28_i_2_n_2    |                               |                1 |              4 |
|  Clk_IBUF_BUFG                       | data_mem/memory_reg_512_767_17_17_i_1_n_2  |                               |                1 |              4 |
|  Clk_IBUF_BUFG                       | data_mem/memory_reg_256_511_26_26_i_1_n_2  |                               |                1 |              4 |
|  Clk_IBUF_BUFG                       | data_mem/memory_reg_256_511_29_29_i_1_n_2  |                               |                1 |              4 |
|  Clk_IBUF_BUFG                       | data_mem/memory_reg_512_767_0_0_i_1_n_2    |                               |                1 |              4 |
|  Clk_IBUF_BUFG                       | data_mem/memory_reg_256_511_24_24_i_1_n_2  |                               |                1 |              4 |
|  Clk_IBUF_BUFG                       | data_mem/memory_reg_256_511_25_25_i_1_n_2  |                               |                1 |              4 |
|  Clk_IBUF_BUFG                       | data_mem/memory_reg_256_511_30_30_i_1_n_2  |                               |                1 |              4 |
|  Clk_IBUF_BUFG                       | data_mem/memory_reg_256_511_5_5_i_1_n_2    |                               |                1 |              4 |
|  Clk_IBUF_BUFG                       | data_mem/memory_reg_256_511_22_22_i_1_n_2  |                               |                1 |              4 |
|  Clk_IBUF_BUFG                       | data_mem/memory_reg_256_511_4_4_i_1_n_2    |                               |                1 |              4 |
|  Clk_IBUF_BUFG                       | data_mem/memory_reg_256_511_6_6_i_1_n_2    |                               |                1 |              4 |
|  Clk_IBUF_BUFG                       | data_mem/memory_reg_256_511_9_9_i_1_n_2    |                               |                1 |              4 |
|  Clk_IBUF_BUFG                       | data_mem/memory_reg_256_511_27_27_i_1_n_2  |                               |                1 |              4 |
|  Clk_IBUF_BUFG                       | data_mem/memory_reg_512_767_12_12_i_1_n_2  |                               |                1 |              4 |
|  Clk_IBUF_BUFG                       | data_mem/memory_reg_256_511_19_19_i_1_n_2  |                               |                1 |              4 |
|  Clk_IBUF_BUFG                       | data_mem/memory_reg_256_511_20_20_i_1_n_2  |                               |                1 |              4 |
|  Clk_IBUF_BUFG                       | data_mem/memory_reg_256_511_2_2_i_1_n_2    |                               |                1 |              4 |
|  Clk_IBUF_BUFG                       | data_mem/memory_reg_256_511_3_3_i_1_n_2    |                               |                1 |              4 |
|  Clk_IBUF_BUFG                       | data_mem/memory_reg_256_511_23_23_i_1_n_2  |                               |                1 |              4 |
|  Clk_IBUF_BUFG                       | data_mem/memory_reg_256_511_7_7_i_1_n_2    |                               |                1 |              4 |
|  Clk_IBUF_BUFG                       | data_mem/memory_reg_512_767_10_10_i_1_n_2  |                               |                1 |              4 |
|  Clk_IBUF_BUFG                       | data_mem/memory_reg_512_767_11_11_i_1_n_2  |                               |                1 |              4 |
|  Clk_IBUF_BUFG                       | data_mem/memory_reg_512_767_13_13_i_1_n_2  |                               |                1 |              4 |
|  Clk_IBUF_BUFG                       | data_mem/memory_reg_256_511_18_18_i_1_n_2  |                               |                1 |              4 |
|  Clk_IBUF_BUFG                       | data_mem/memory_reg_512_767_14_14_i_1_n_2  |                               |                1 |              4 |
|  Clk_IBUF_BUFG                       | data_mem/memory_reg_256_511_21_21_i_1_n_2  |                               |                1 |              4 |
|  Clk_IBUF_BUFG                       | data_mem/memory_reg_512_767_16_16_i_1_n_2  |                               |                1 |              4 |
|  Clk_IBUF_BUFG                       | data_mem/memory_reg_256_511_1_1_i_1_n_2    |                               |                1 |              4 |
|  Clk_IBUF_BUFG                       | data_mem/memory_reg_256_511_31_31_i_1_n_2  |                               |                1 |              4 |
|  Clk_IBUF_BUFG                       | data_mem/memory_reg_256_511_8_8_i_1_n_2    |                               |                1 |              4 |
|  Clk_IBUF_BUFG                       | data_mem/memory_reg_256_511_28_28_i_1_n_2  |                               |                1 |              4 |
|  Clk_IBUF_BUFG                       | data_mem/memory_reg_512_767_15_15_i_1_n_2  |                               |                1 |              4 |
|  Clk_IBUF_BUFG                       | data_mem/memory_reg_512_767_5_5_i_1_n_2    |                               |                1 |              4 |
|  Clk_IBUF_BUFG                       | data_mem/memory_reg_512_767_9_9_i_1_n_2    |                               |                1 |              4 |
|  Clk_IBUF_BUFG                       | data_mem/memory_reg_512_767_30_30_i_1_n_2  |                               |                1 |              4 |
|  Clk_IBUF_BUFG                       | data_mem/memory_reg_512_767_18_18_i_1_n_2  |                               |                1 |              4 |
|  Clk_IBUF_BUFG                       | data_mem/memory_reg_512_767_29_29_i_1_n_2  |                               |                1 |              4 |
|  Clk_IBUF_BUFG                       | data_mem/memory_reg_512_767_8_8_i_1_n_2    |                               |                1 |              4 |
|  Clk_IBUF_BUFG                       | data_mem/memory_reg_768_1023_0_0_i_1_n_2   |                               |                1 |              4 |
|  Clk_IBUF_BUFG                       | data_mem/memory_reg_512_767_20_20_i_1_n_2  |                               |                1 |              4 |
|  Clk_IBUF_BUFG                       | data_mem/memory_reg_512_767_27_27_i_1_n_2  |                               |                1 |              4 |
|  Clk_IBUF_BUFG                       | data_mem/memory_reg_768_1023_10_10_i_1_n_2 |                               |                1 |              4 |
|  Clk_IBUF_BUFG                       | data_mem/memory_reg_768_1023_11_11_i_1_n_2 |                               |                1 |              4 |
|  Clk_IBUF_BUFG                       | data_mem/memory_reg_512_767_6_6_i_1_n_2    |                               |                1 |              4 |
|  Clk_IBUF_BUFG                       | data_mem/memory_reg_768_1023_12_12_i_1_n_2 |                               |                1 |              4 |
|  Clk_IBUF_BUFG                       | data_mem/memory_reg_512_767_25_25_i_1_n_2  |                               |                1 |              4 |
|  Clk_IBUF_BUFG                       | data_mem/memory_reg_512_767_1_1_i_1_n_2    |                               |                1 |              4 |
|  Clk_IBUF_BUFG                       | data_mem/memory_reg_512_767_23_23_i_1_n_2  |                               |                1 |              4 |
|  Clk_IBUF_BUFG                       | data_mem/memory_reg_768_1023_13_13_i_1_n_2 |                               |                1 |              4 |
|  Clk_IBUF_BUFG                       | data_mem/memory_reg_768_1023_14_14_i_1_n_2 |                               |                1 |              4 |
|  Clk_IBUF_BUFG                       | data_mem/memory_reg_768_1023_15_15_i_1_n_2 |                               |                1 |              4 |
|  Clk_IBUF_BUFG                       | data_mem/memory_reg_512_767_22_22_i_1_n_2  |                               |                1 |              4 |
|  Clk_IBUF_BUFG                       | data_mem/memory_reg_768_1023_16_16_i_1_n_2 |                               |                1 |              4 |
|  Clk_IBUF_BUFG                       | data_mem/memory_reg_768_1023_17_17_i_1_n_2 |                               |                1 |              4 |
|  Clk_IBUF_BUFG                       | data_mem/memory_reg_512_767_26_26_i_1_n_2  |                               |                1 |              4 |
|  Clk_IBUF_BUFG                       | data_mem/memory_reg_512_767_21_21_i_1_n_2  |                               |                1 |              4 |
|  Clk_IBUF_BUFG                       | data_mem/memory_reg_512_767_28_28_i_1_n_2  |                               |                1 |              4 |
|  Clk_IBUF_BUFG                       | data_mem/memory_reg_512_767_2_2_i_1_n_2    |                               |                1 |              4 |
|  Clk_IBUF_BUFG                       | data_mem/memory_reg_512_767_7_7_i_1_n_2    |                               |                1 |              4 |
|  Clk_IBUF_BUFG                       | data_mem/memory_reg_512_767_24_24_i_1_n_2  |                               |                1 |              4 |
|  Clk_IBUF_BUFG                       | data_mem/memory_reg_512_767_19_19_i_1_n_2  |                               |                1 |              4 |
|  Clk_IBUF_BUFG                       | data_mem/memory_reg_512_767_31_31_i_1_n_2  |                               |                1 |              4 |
|  Clk_IBUF_BUFG                       | data_mem/memory_reg_512_767_4_4_i_1_n_2    |                               |                1 |              4 |
|  Clk_IBUF_BUFG                       | data_mem/memory_reg_768_1023_7_7_i_1_n_2   |                               |                1 |              4 |
|  Clk_IBUF_BUFG                       | data_mem/memory_reg_768_1023_24_24_i_1_n_2 |                               |                1 |              4 |
|  Clk_IBUF_BUFG                       | data_mem/memory_reg_768_1023_19_19_i_1_n_2 |                               |                1 |              4 |
|  Clk_IBUF_BUFG                       | data_mem/memory_reg_768_1023_1_1_i_1_n_2   |                               |                1 |              4 |
|  Clk_IBUF_BUFG                       | data_mem/memory_reg_768_1023_25_25_i_1_n_2 |                               |                1 |              4 |
|  Clk_IBUF_BUFG                       | data_mem/memory_reg_768_1023_26_26_i_1_n_2 |                               |                1 |              4 |
|  Clk_IBUF_BUFG                       | data_mem/memory_reg_768_1023_27_27_i_1_n_2 |                               |                1 |              4 |
|  Clk_IBUF_BUFG                       | data_mem/memory_reg_768_1023_20_20_i_1_n_2 |                               |                1 |              4 |
|  Clk_IBUF_BUFG                       | data_mem/memory_reg_512_767_3_3_i_1_n_2    |                               |                1 |              4 |
|  Clk_IBUF_BUFG                       | data_mem/memory_reg_768_1023_4_4_i_1_n_2   |                               |                1 |              4 |
|  Clk_IBUF_BUFG                       | data_mem/memory_reg_768_1023_9_9_i_1_n_2   |                               |                1 |              4 |
|  Clk_IBUF_BUFG                       | data_mem/memory_reg_768_1023_30_30_i_1_n_2 |                               |                1 |              4 |
|  Clk_IBUF_BUFG                       | data_mem/memory_reg_768_1023_6_6_i_1_n_2   |                               |                1 |              4 |
|  Clk_IBUF_BUFG                       | data_mem/memory_reg_768_1023_18_18_i_1_n_2 |                               |                1 |              4 |
|  Clk_IBUF_BUFG                       | data_mem/memory_reg_768_1023_5_5_i_1_n_2   |                               |                1 |              4 |
|  Clk_IBUF_BUFG                       | data_mem/memory_reg_768_1023_31_31_i_1_n_2 |                               |                1 |              4 |
|  Clk_IBUF_BUFG                       | data_mem/memory_reg_768_1023_29_29_i_1_n_2 |                               |                1 |              4 |
|  Clk_IBUF_BUFG                       | data_mem/memory_reg_768_1023_22_22_i_1_n_2 |                               |                1 |              4 |
|  Clk_IBUF_BUFG                       | data_mem/memory_reg_768_1023_8_8_i_1_n_2   |                               |                1 |              4 |
|  alu_control/ALUCntrl_reg[4]_i_2_n_2 |                                            |                               |                2 |              5 |
|  alu/n_1_651_BUFG                    |                                            |                               |               14 |             32 |
|  Clk_IBUF_BUFG                       | id_ex/LoWrite_out                          |                               |               14 |             32 |
|  Clk_IBUF_BUFG                       | id_ex/HiWrite_out                          |                               |               13 |             32 |
| ~Clk_IBUF_BUFG                       | data_mem/ReadData[31]_i_2_n_2              | data_mem/ReadData[31]_i_1_n_2 |               18 |             32 |
|  alu/n_0_650_BUFG                    |                                            |                               |               16 |             32 |
|  Clk_IBUF_BUFG                       |                                            |                               |               33 |             64 |
|  Clk_IBUF_BUFG                       |                                            | Reset_IBUF                    |              147 |            447 |
+--------------------------------------+--------------------------------------------+-------------------------------+------------------+----------------+


