#-----------------------------------------------------------
# Vivado v2019.2.1 (64-bit)
# SW Build 2729669 on Thu Dec  5 04:49:17 MST 2019
# IP Build 2729494 on Thu Dec  5 07:38:25 MST 2019
# Start of session at: Fri Dec  3 17:33:32 2021
# Process ID: 1412
# Current directory: C:/Users/Nathaniel/Documents/_nrod968/School/ECE-369A/lab9-15
# Command line: vivado.exe -gui_launcher_event rodinguilauncherevent15356 C:\Users\Nathaniel\Documents\_nrod968\School\ECE-369A\lab9-15\lab9-15.xpr
# Log file: C:/Users/Nathaniel/Documents/_nrod968/School/ECE-369A/lab9-15/vivado.log
# Journal file: C:/Users/Nathaniel/Documents/_nrod968/School/ECE-369A/lab9-15\vivado.jou
#-----------------------------------------------------------
start_gui
open_project C:/Users/Nathaniel/Documents/_nrod968/School/ECE-369A/lab9-15/lab9-15.xpr
launch_simulation
open_wave_config C:/Users/Nathaniel/Documents/_nrod968/School/ECE-369A/lab9-15/Datapath_tb_behav.wcfg
source Datapath_tb.tcl
restart
run 25 ms
close_sim
launch_simulation
open_wave_config C:/Users/Nathaniel/Documents/_nrod968/School/ECE-369A/lab9-15/Datapath_tb_behav.wcfg
source Datapath_tb.tcl
restart
run 5 ms
close_sim
launch_simulation
open_wave_config C:/Users/Nathaniel/Documents/_nrod968/School/ECE-369A/lab9-15/Datapath_tb_behav.wcfg
source Datapath_tb.tcl
restart
run 5 ms
close_sim
launch_simulation
open_wave_config C:/Users/Nathaniel/Documents/_nrod968/School/ECE-369A/lab9-15/Datapath_tb_behav.wcfg
source Datapath_tb.tcl
save_wave_config {C:/Users/Nathaniel/Documents/_nrod968/School/ECE-369A/lab9-15/Datapath_tb_behav.wcfg}
save_wave_config {C:/Users/Nathaniel/Documents/_nrod968/School/ECE-369A/lab9-15/Datapath_tb_behav.wcfg}
restart
run 5 ms
close_sim
launch_simulation
open_wave_config C:/Users/Nathaniel/Documents/_nrod968/School/ECE-369A/lab9-15/Datapath_tb_behav.wcfg
source Datapath_tb.tcl
restart
run 100 ns
save_wave_config {C:/Users/Nathaniel/Documents/_nrod968/School/ECE-369A/lab9-15/Datapath_tb_behav.wcfg}
close_sim
launch_simulation
open_wave_config C:/Users/Nathaniel/Documents/_nrod968/School/ECE-369A/lab9-15/Datapath_tb_behav.wcfg
source Datapath_tb.tcl
restart
run 100 ns
restart
run 100 ns
restart
run 100 ns
add_bp {C:/Users/Nathaniel/Documents/_nrod968/School/ECE-369A/lab9-15/lab9-15.srcs/sources_1/new/HazardDetectionUnit.v} 61
add_bp {C:/Users/Nathaniel/Documents/_nrod968/School/ECE-369A/lab9-15/lab9-15.srcs/sources_1/new/HazardDetectionUnit.v} 43
save_wave_config {C:/Users/Nathaniel/Documents/_nrod968/School/ECE-369A/lab9-15/Datapath_tb_behav.wcfg}
restart
run 100 ns
remove_bps -file {C:/Users/Nathaniel/Documents/_nrod968/School/ECE-369A/lab9-15/lab9-15.srcs/sources_1/new/HazardDetectionUnit.v} -line 61
remove_bps -file {C:/Users/Nathaniel/Documents/_nrod968/School/ECE-369A/lab9-15/lab9-15.srcs/sources_1/new/HazardDetectionUnit.v} -line 43
restart
run 100 ns
close_sim
launch_simulation
open_wave_config C:/Users/Nathaniel/Documents/_nrod968/School/ECE-369A/lab9-15/Datapath_tb_behav.wcfg
source Datapath_tb.tcl
close_sim
launch_simulation
open_wave_config C:/Users/Nathaniel/Documents/_nrod968/School/ECE-369A/lab9-15/Datapath_tb_behav.wcfg
source Datapath_tb.tcl
close_sim
launch_simulation
launch_simulation
open_wave_config C:/Users/Nathaniel/Documents/_nrod968/School/ECE-369A/lab9-15/Datapath_tb_behav.wcfg
source Datapath_tb.tcl
close_sim
launch_simulation
open_wave_config C:/Users/Nathaniel/Documents/_nrod968/School/ECE-369A/lab9-15/Datapath_tb_behav.wcfg
source Datapath_tb.tcl
restart
run 2 ns
run 2 ns
run 2 ns
run 2 ns
run 2 ns
run 2 ns
run 2 ns
run 2 ns
run 2 ns
run 2 ns
run 2 ns
run 2 ns
run 2 ns
run 2 ns
run 2 ns
run 2 ns
run 2 ns
run 2 ns
run 2 ns
run 2 ns
run 2 ns
run 2 ns
run 2 ns
run 2 ns
run 2 ns
run 2 ns
run 2 ns
save_wave_config {C:/Users/Nathaniel/Documents/_nrod968/School/ECE-369A/lab9-15/Datapath_tb_behav.wcfg}
close_sim
